2026-02-17 14:33:33.082 [pool-2-thread-1] INFO  vendors.graalvm-community - Starting scraper
2026-02-17 14:33:33.084 [pool-2-thread-1] INFO  vendors.graalvm-community - Processing repository: graalvm-ce-builds
2026-02-17 14:33:33.084 [pool-2-thread-1] INFO  vendors.graalvm-community - Fetching releases from https://api.github.com/repos/graalvm/graalvm-ce-builds/releases?per_page=100&page=1
2026-02-17 14:33:35.341 [pool-2-thread-1] INFO  vendors.graalvm-community - Fetching releases from https://api.github.com/repos/graalvm/graalvm-ce-builds/releases?per_page=100&page=2
2026-02-17 14:33:35.646 [pool-2-thread-1] INFO  vendors.graalvm-community - Completed successfully. Marked 0 items for processing, skipped 99 existing items, and had 0 failures.
2026-02-17 15:51:12.565 [pool-2-thread-1] INFO  vendors.graalvm-community - Starting scraper
2026-02-17 15:51:12.573 [pool-2-thread-1] INFO  vendors.graalvm-community - Processing repository: graalvm-ce-builds
2026-02-17 15:51:12.574 [pool-2-thread-1] INFO  vendors.graalvm-community - Fetching releases from https://api.github.com/repos/graalvm/graalvm-ce-builds/releases?per_page=100&page=1
2026-02-17 15:51:14.174 [pool-2-thread-1] INFO  vendors.graalvm-community - Fetching releases from https://api.github.com/repos/graalvm/graalvm-ce-builds/releases?per_page=100&page=2
2026-02-17 15:51:14.357 [pool-2-thread-1] INFO  vendors.graalvm-community - Completed successfully. Marked 0 items for processing, skipped 99 existing items, and had 0 failures.
2026-02-18 23:19:42.650 [pool-1-thread-2] INFO  vendors.graalvm-community - Starting scraper
2026-02-18 23:19:42.653 [pool-1-thread-2] INFO  vendors.graalvm-community - Processing repository: graalvm-ce-dev-builds
2026-02-18 23:19:42.654 [pool-1-thread-2] INFO  vendors.graalvm-community - Fetching releases from https://api.github.com/repos/graalvm/graalvm-ce-dev-builds/releases?per_page=100&page=1
2026-02-18 23:19:43.371 [pool-1-thread-2] INFO  vendors.graalvm-community - Fetching releases from https://api.github.com/repos/graalvm/graalvm-ce-dev-builds/releases?per_page=100&page=2
2026-02-18 23:19:43.561 [pool-1-thread-2] INFO  vendors.graalvm-community - Completed successfully. Marked 0 items for processing, skipped 56 existing items, and had 0 failures.
2026-02-18 23:19:44.566 [pool-1-thread-1] INFO  vendors.graalvm-community - Starting scraper
2026-02-18 23:19:44.566 [pool-1-thread-1] INFO  vendors.graalvm-community - Processing repository: graalvm-ce-builds
2026-02-18 23:19:44.566 [pool-1-thread-1] INFO  vendors.graalvm-community - Fetching releases from https://api.github.com/repos/graalvm/graalvm-ce-builds/releases?per_page=100&page=1
2026-02-18 23:19:45.937 [pool-1-thread-1] INFO  vendors.graalvm-community - Fetching releases from https://api.github.com/repos/graalvm/graalvm-ce-builds/releases?per_page=100&page=2
2026-02-18 23:19:46.105 [pool-1-thread-1] INFO  vendors.graalvm-community - Completed successfully. Marked 0 items for processing, skipped 99 existing items, and had 0 failures.
2026-02-18 23:32:06.552 [pool-1-thread-3] INFO  vendors.graalvm-community - Starting scraper
2026-02-18 23:32:06.555 [pool-1-thread-3] INFO  vendors.graalvm-community - Processing repository: graalvm-ce-dev-builds
2026-02-18 23:32:06.555 [pool-1-thread-3] INFO  vendors.graalvm-community - Fetching releases from https://api.github.com/repos/graalvm/graalvm-ce-dev-builds/releases?per_page=100&page=1
2026-02-18 23:32:07.177 [pool-1-thread-3] INFO  vendors.graalvm-community - Fetching releases from https://api.github.com/repos/graalvm/graalvm-ce-dev-builds/releases?per_page=100&page=2
2026-02-18 23:32:07.312 [pool-1-thread-3] INFO  vendors.graalvm-community - Completed successfully. Marked 0 items for processing, skipped 56 existing items, and had 0 failures.
2026-02-18 23:32:08.067 [pool-1-thread-2] INFO  vendors.graalvm-community - Starting scraper
2026-02-18 23:32:08.068 [pool-1-thread-2] INFO  vendors.graalvm-community - Processing repository: graalvm-ce-builds
2026-02-18 23:32:08.068 [pool-1-thread-2] INFO  vendors.graalvm-community - Fetching releases from https://api.github.com/repos/graalvm/graalvm-ce-builds/releases?per_page=100&page=1
2026-02-18 23:32:09.074 [pool-1-thread-2] INFO  vendors.graalvm-community - Fetching releases from https://api.github.com/repos/graalvm/graalvm-ce-builds/releases?per_page=100&page=2
2026-02-18 23:32:09.237 [pool-1-thread-2] INFO  vendors.graalvm-community - Completed successfully. Marked 0 items for processing, skipped 99 existing items, and had 0 failures.
