2026-02-18 23:19:40.330 [pool-1-thread-3] INFO  vendors.graalvm - Starting scraper
2026-02-18 23:19:40.343 [pool-1-thread-3] INFO  vendors.graalvm - Processing repository: graalvm-ce-builds
2026-02-18 23:19:40.345 [pool-1-thread-3] INFO  vendors.graalvm - Fetching releases from https://api.github.com/repos/graalvm/graalvm-ce-builds/releases?per_page=100&page=1
2026-02-18 23:19:41.864 [pool-1-thread-4] INFO  vendors.graalvm - Starting scraper
2026-02-18 23:19:41.864 [pool-1-thread-4] INFO  vendors.graalvm - Processing repository: graal
2026-02-18 23:19:41.864 [pool-1-thread-4] INFO  vendors.graalvm - Fetching releases from https://api.github.com/repos/oracle/graal/releases?per_page=100&page=1
2026-02-18 23:19:41.891 [pool-1-thread-3] INFO  vendors.graalvm - Fetching releases from https://api.github.com/repos/graalvm/graalvm-ce-builds/releases?per_page=100&page=2
2026-02-18 23:19:42.069 [pool-1-thread-3] INFO  vendors.graalvm - Completed successfully. Marked 0 items for processing, skipped 267 existing items, and had 0 failures.
2026-02-18 23:19:42.400 [pool-1-thread-4] INFO  vendors.graalvm - Fetching releases from https://api.github.com/repos/oracle/graal/releases?per_page=100&page=2
2026-02-18 23:19:42.584 [pool-1-thread-4] INFO  vendors.graalvm - Completed successfully. Marked 0 items for processing, skipped 21 existing items, and had 0 failures.
2026-02-18 23:32:04.420 [pool-1-thread-3] INFO  vendors.graalvm - Starting scraper
2026-02-18 23:32:04.430 [pool-1-thread-3] INFO  vendors.graalvm - Processing repository: graalvm-ce-builds
2026-02-18 23:32:04.435 [pool-1-thread-3] INFO  vendors.graalvm - Fetching releases from https://api.github.com/repos/graalvm/graalvm-ce-builds/releases?per_page=100&page=1
2026-02-18 23:32:05.228 [pool-1-thread-4] INFO  vendors.graalvm - Starting scraper
2026-02-18 23:32:05.228 [pool-1-thread-4] INFO  vendors.graalvm - Processing repository: graal
2026-02-18 23:32:05.228 [pool-1-thread-4] INFO  vendors.graalvm - Fetching releases from https://api.github.com/repos/oracle/graal/releases?per_page=100&page=1
2026-02-18 23:32:05.544 [pool-1-thread-4] INFO  vendors.graalvm - Fetching releases from https://api.github.com/repos/oracle/graal/releases?per_page=100&page=2
2026-02-18 23:32:05.681 [pool-1-thread-4] INFO  vendors.graalvm - Completed successfully. Marked 0 items for processing, skipped 21 existing items, and had 0 failures.
2026-02-18 23:32:06.113 [pool-1-thread-3] INFO  vendors.graalvm - Fetching releases from https://api.github.com/repos/graalvm/graalvm-ce-builds/releases?per_page=100&page=2
2026-02-18 23:32:06.235 [pool-1-thread-3] INFO  vendors.graalvm - Completed successfully. Marked 0 items for processing, skipped 267 existing items, and had 0 failures.
