2026-02-17 14:33:44.267 [pool-2-thread-1] INFO  vendors.ibm - Starting scraper
2026-02-17 14:33:44.270 [pool-2-thread-1] INFO  vendors.ibm - Fetching index
2026-02-17 14:33:44.543 [pool-2-thread-1] INFO  vendors.ibm - Found 3 JDK versions
2026-02-17 14:33:44.543 [pool-2-thread-1] INFO  vendors.ibm - Processing JDK version: 8.0.8.45
2026-02-17 14:33:44.565 [pool-2-thread-1] INFO  vendors.ibm - Processing architecture: s390
2026-02-17 14:33:44.588 [pool-2-thread-1] INFO  vendors.ibm - Queued download for ibm-java-s390-jre-8.0-8.45.s390.rpm
2026-02-17 14:33:44.588 [pool-2-thread-1] INFO  vendors.ibm - Queued download for ibm-java-s390-sdk-8.0-8.45.s390.rpm
2026-02-17 14:33:44.588 [pool-2-thread-1] INFO  vendors.ibm - Processing JDK version: 8.0.8.55
2026-02-17 14:33:44.613 [pool-2-thread-1] INFO  vendors.ibm - Processing architecture: i386
2026-02-17 14:33:44.636 [pool-2-thread-1] INFO  vendors.ibm - Queued download for ibm-java-i386-jre-8.0-8.55.i386.rpm
2026-02-17 14:33:44.636 [pool-2-thread-1] INFO  vendors.ibm - Queued download for ibm-java-i386-sdk-8.0-8.55.i386.rpm
2026-02-17 14:33:44.636 [pool-2-thread-1] INFO  vendors.ibm - Processing architecture: ppc64le
2026-02-17 14:33:44.659 [pool-2-thread-1] INFO  vendors.ibm - Queued download for ibm-java-ppc64le-jre-8.0-8.55.ppc64le.rpm
2026-02-17 14:33:44.659 [pool-2-thread-1] INFO  vendors.ibm - Queued download for ibm-java-ppc64le-sdk-8.0-8.55.ppc64le.rpm
2026-02-17 14:33:44.660 [pool-2-thread-1] INFO  vendors.ibm - Processing architecture: s390x
2026-02-17 14:33:44.682 [pool-2-thread-1] INFO  vendors.ibm - Queued download for ibm-java-s390x-jre-8.0-8.55.s390x.rpm
2026-02-17 14:33:44.682 [pool-2-thread-1] INFO  vendors.ibm - Queued download for ibm-java-s390x-sdk-8.0-8.55.s390x.rpm
2026-02-17 14:33:44.682 [pool-2-thread-1] INFO  vendors.ibm - Processing architecture: x86_64
2026-02-17 14:33:44.704 [pool-2-thread-1] INFO  vendors.ibm - Queued download for ibm-java-x86_64-jre-8.0-8.55.x86_64.rpm
2026-02-17 14:33:44.705 [pool-2-thread-1] INFO  vendors.ibm - Queued download for ibm-java-x86_64-sdk-8.0-8.55.x86_64.rpm
2026-02-17 14:33:44.705 [pool-2-thread-1] INFO  vendors.ibm - Reached progress limit of 10 items, aborting
2026-02-17 14:33:44.705 [pool-2-thread-1] INFO  vendors.ibm - Completed successfully. Marked 10 items for processing, skipped 10 existing items, and had 0 failures.
2026-02-17 14:34:16.186 [pool-1-thread-4] INFO  vendors.ibm - Downloading ibm-java-s390-jre-8.0-8.45.s390.rpm
2026-02-17 14:34:18.217 [pool-1-thread-3] INFO  vendors.ibm - Downloading ibm-java-s390-sdk-8.0-8.45.s390.rpm
2026-02-17 14:34:18.424 [pool-1-thread-4] INFO  vendors.ibm - Computing hashes for ibm-java-s390-jre-8.0-8.45.s390.rpm
2026-02-17 14:34:19.060 [pool-1-thread-4] INFO  vendors.ibm - Processed ibm-java-s390-jre-8.0-8.45.s390.rpm
2026-02-17 14:34:19.076 [pool-1-thread-4] INFO  vendors.ibm - Downloading ibm-java-i386-jre-8.0-8.55.i386.rpm
2026-02-17 14:34:19.461 [pool-1-thread-3] INFO  vendors.ibm - Computing hashes for ibm-java-s390-sdk-8.0-8.45.s390.rpm
2026-02-17 14:34:19.514 [pool-1-thread-1] INFO  vendors.ibm - Downloading ibm-java-i386-sdk-8.0-8.55.i386.rpm
2026-02-17 14:34:19.845 [pool-1-thread-4] INFO  vendors.ibm - Computing hashes for ibm-java-i386-jre-8.0-8.55.i386.rpm
2026-02-17 14:34:20.360 [pool-1-thread-3] INFO  vendors.ibm - Processed ibm-java-s390-sdk-8.0-8.45.s390.rpm
2026-02-17 14:34:20.382 [pool-1-thread-3] INFO  vendors.ibm - Downloading ibm-java-ppc64le-jre-8.0-8.55.ppc64le.rpm
2026-02-17 14:34:20.406 [pool-1-thread-1] INFO  vendors.ibm - Computing hashes for ibm-java-i386-sdk-8.0-8.55.i386.rpm
2026-02-17 14:34:20.550 [pool-1-thread-4] INFO  vendors.ibm - Processed ibm-java-i386-jre-8.0-8.55.i386.rpm
2026-02-17 14:34:20.572 [pool-1-thread-4] INFO  vendors.ibm - Downloading ibm-java-ppc64le-sdk-8.0-8.55.ppc64le.rpm
2026-02-17 14:34:21.268 [pool-1-thread-3] INFO  vendors.ibm - Computing hashes for ibm-java-ppc64le-jre-8.0-8.55.ppc64le.rpm
2026-02-17 14:34:21.362 [pool-1-thread-1] INFO  vendors.ibm - Processed ibm-java-i386-sdk-8.0-8.55.i386.rpm
2026-02-17 14:34:21.389 [pool-1-thread-1] INFO  vendors.ibm - Downloading ibm-java-s390x-jre-8.0-8.55.s390x.rpm
2026-02-17 14:34:21.649 [pool-1-thread-4] INFO  vendors.ibm - Computing hashes for ibm-java-ppc64le-sdk-8.0-8.55.ppc64le.rpm
2026-02-17 14:34:22.125 [pool-1-thread-3] INFO  vendors.ibm - Processed ibm-java-ppc64le-jre-8.0-8.55.ppc64le.rpm
2026-02-17 14:34:22.148 [pool-1-thread-3] INFO  vendors.ibm - Downloading ibm-java-s390x-sdk-8.0-8.55.s390x.rpm
2026-02-17 14:34:22.265 [pool-1-thread-1] INFO  vendors.ibm - Computing hashes for ibm-java-s390x-jre-8.0-8.55.s390x.rpm
2026-02-17 14:34:22.719 [pool-1-thread-4] INFO  vendors.ibm - Processed ibm-java-ppc64le-sdk-8.0-8.55.ppc64le.rpm
2026-02-17 14:34:22.745 [pool-1-thread-4] INFO  vendors.ibm - Downloading ibm-java-x86_64-jre-8.0-8.55.x86_64.rpm
2026-02-17 14:34:23.075 [pool-1-thread-3] INFO  vendors.ibm - Computing hashes for ibm-java-s390x-sdk-8.0-8.55.s390x.rpm
2026-02-17 14:34:23.086 [pool-1-thread-1] INFO  vendors.ibm - Processed ibm-java-s390x-jre-8.0-8.55.s390x.rpm
2026-02-17 14:34:23.108 [pool-1-thread-1] INFO  vendors.ibm - Downloading ibm-java-x86_64-sdk-8.0-8.55.x86_64.rpm
2026-02-17 14:34:23.602 [pool-1-thread-4] INFO  vendors.ibm - Computing hashes for ibm-java-x86_64-jre-8.0-8.55.x86_64.rpm
2026-02-17 14:34:24.177 [pool-1-thread-3] INFO  vendors.ibm - Processed ibm-java-s390x-sdk-8.0-8.55.s390x.rpm
2026-02-17 14:34:24.204 [pool-1-thread-1] INFO  vendors.ibm - Computing hashes for ibm-java-x86_64-sdk-8.0-8.55.x86_64.rpm
2026-02-17 14:34:24.484 [pool-1-thread-4] INFO  vendors.ibm - Processed ibm-java-x86_64-jre-8.0-8.55.x86_64.rpm
2026-02-17 14:34:25.184 [pool-1-thread-1] INFO  vendors.ibm - Processed ibm-java-x86_64-sdk-8.0-8.55.x86_64.rpm
2026-02-17 15:51:19.998 [pool-2-thread-1] INFO  vendors.ibm - Starting scraper
2026-02-17 15:51:20.003 [pool-2-thread-1] INFO  vendors.ibm - Fetching index
2026-02-17 15:51:20.315 [pool-2-thread-1] INFO  vendors.ibm - Found 3 JDK versions
2026-02-17 15:51:20.315 [pool-2-thread-1] INFO  vendors.ibm - Processing JDK version: 8.0.8.45
2026-02-17 15:51:20.334 [pool-2-thread-1] INFO  vendors.ibm - Processing architecture: s390
2026-02-17 15:51:20.354 [pool-2-thread-1] INFO  vendors.ibm - Processing JDK version: 8.0.8.55
2026-02-17 15:51:20.376 [pool-2-thread-1] INFO  vendors.ibm - Processing architecture: i386
2026-02-17 15:51:20.396 [pool-2-thread-1] INFO  vendors.ibm - Processing architecture: ppc64le
2026-02-17 15:51:20.418 [pool-2-thread-1] INFO  vendors.ibm - Processing architecture: s390x
2026-02-17 15:51:20.448 [pool-2-thread-1] INFO  vendors.ibm - Processing architecture: x86_64
2026-02-17 15:51:20.472 [pool-2-thread-1] INFO  vendors.ibm - Processing JDK version: 8.0.8.60
2026-02-17 15:51:20.494 [pool-2-thread-1] INFO  vendors.ibm - Processing architecture: i386
2026-02-17 15:51:20.523 [pool-2-thread-1] INFO  vendors.ibm - Queued download for ibm-java-i386-jre-8.0-8.60.i386.rpm
2026-02-17 15:51:20.524 [pool-2-thread-1] INFO  vendors.ibm - Queued download for ibm-java-i386-sdk-8.0-8.60.i386.rpm
2026-02-17 15:51:20.524 [pool-2-thread-1] INFO  vendors.ibm - Processing architecture: ppc64le
2026-02-17 15:51:20.550 [pool-2-thread-1] INFO  vendors.ibm - Queued download for ibm-java-ppc64le-jre-8.0-8.60.ppc64le.rpm
2026-02-17 15:51:20.551 [pool-2-thread-1] INFO  vendors.ibm - Queued download for ibm-java-ppc64le-sdk-8.0-8.60.ppc64le.rpm
2026-02-17 15:51:20.551 [pool-2-thread-1] INFO  vendors.ibm - Processing architecture: s390x
2026-02-17 15:51:20.582 [pool-2-thread-1] INFO  vendors.ibm - Queued download for ibm-java-s390x-jre-8.0-8.60.s390x.rpm
2026-02-17 15:51:20.582 [pool-2-thread-1] INFO  vendors.ibm - Queued download for ibm-java-s390x-sdk-8.0-8.60.s390x.rpm
2026-02-17 15:51:20.582 [pool-2-thread-1] INFO  vendors.ibm - Processing architecture: x86_64
2026-02-17 15:51:20.601 [pool-2-thread-1] INFO  vendors.ibm - Queued download for ibm-java-x86_64-jre-8.0-8.60.x86_64.rpm
2026-02-17 15:51:20.602 [pool-2-thread-1] INFO  vendors.ibm - Queued download for ibm-java-x86_64-sdk-8.0-8.60.x86_64.rpm
2026-02-17 15:51:20.602 [pool-2-thread-1] INFO  vendors.ibm - Completed successfully. Marked 8 items for processing, skipped 28 existing items, and had 0 failures.
2026-02-17 15:51:41.560 [pool-1-thread-4] INFO  vendors.ibm - Downloading ibm-java-i386-jre-8.0-8.60.i386.rpm
2026-02-17 15:51:43.112 [pool-1-thread-2] INFO  vendors.ibm - Downloading ibm-java-i386-sdk-8.0-8.60.i386.rpm
2026-02-17 15:51:43.331 [pool-1-thread-4] INFO  vendors.ibm - Computing hashes for ibm-java-i386-jre-8.0-8.60.i386.rpm
2026-02-17 15:51:44.148 [pool-1-thread-4] INFO  vendors.ibm - Processed ibm-java-i386-jre-8.0-8.60.i386.rpm
2026-02-17 15:51:44.178 [pool-1-thread-4] INFO  vendors.ibm - Downloading ibm-java-ppc64le-jre-8.0-8.60.ppc64le.rpm
2026-02-17 15:51:44.295 [pool-1-thread-2] INFO  vendors.ibm - Computing hashes for ibm-java-i386-sdk-8.0-8.60.i386.rpm
2026-02-17 15:51:44.385 [pool-1-thread-3] INFO  vendors.ibm - Downloading ibm-java-ppc64le-sdk-8.0-8.60.ppc64le.rpm
2026-02-17 15:51:45.320 [pool-1-thread-4] INFO  vendors.ibm - Computing hashes for ibm-java-ppc64le-jre-8.0-8.60.ppc64le.rpm
2026-02-17 15:51:45.400 [pool-1-thread-2] INFO  vendors.ibm - Processed ibm-java-i386-sdk-8.0-8.60.i386.rpm
2026-02-17 15:51:45.702 [pool-1-thread-3] INFO  vendors.ibm - Computing hashes for ibm-java-ppc64le-sdk-8.0-8.60.ppc64le.rpm
2026-02-17 15:51:46.254 [pool-1-thread-4] INFO  vendors.ibm - Processed ibm-java-ppc64le-jre-8.0-8.60.ppc64le.rpm
2026-02-17 15:51:46.293 [pool-1-thread-4] INFO  vendors.ibm - Downloading ibm-java-s390x-jre-8.0-8.60.s390x.rpm
2026-02-17 15:51:46.688 [pool-1-thread-1] INFO  vendors.ibm - Downloading ibm-java-s390x-sdk-8.0-8.60.s390x.rpm
2026-02-17 15:51:46.729 [pool-1-thread-3] INFO  vendors.ibm - Processed ibm-java-ppc64le-sdk-8.0-8.60.ppc64le.rpm
2026-02-17 15:51:46.779 [pool-1-thread-3] INFO  vendors.ibm - Downloading ibm-java-x86_64-jre-8.0-8.60.x86_64.rpm
2026-02-17 15:51:47.345 [pool-1-thread-4] INFO  vendors.ibm - Computing hashes for ibm-java-s390x-jre-8.0-8.60.s390x.rpm
2026-02-17 15:51:47.852 [pool-1-thread-1] INFO  vendors.ibm - Computing hashes for ibm-java-s390x-sdk-8.0-8.60.s390x.rpm
2026-02-17 15:51:48.147 [pool-1-thread-4] INFO  vendors.ibm - Processed ibm-java-s390x-jre-8.0-8.60.s390x.rpm
2026-02-17 15:51:48.179 [pool-1-thread-4] INFO  vendors.ibm - Downloading ibm-java-x86_64-sdk-8.0-8.60.x86_64.rpm
2026-02-17 15:51:48.361 [pool-1-thread-3] INFO  vendors.ibm - Computing hashes for ibm-java-x86_64-jre-8.0-8.60.x86_64.rpm
2026-02-17 15:51:49.014 [pool-1-thread-1] INFO  vendors.ibm - Processed ibm-java-s390x-sdk-8.0-8.60.s390x.rpm
2026-02-17 15:51:49.218 [pool-1-thread-3] INFO  vendors.ibm - Processed ibm-java-x86_64-jre-8.0-8.60.x86_64.rpm
2026-02-17 15:51:49.739 [pool-1-thread-4] INFO  vendors.ibm - Computing hashes for ibm-java-x86_64-sdk-8.0-8.60.x86_64.rpm
2026-02-17 15:51:50.722 [pool-1-thread-4] INFO  vendors.ibm - Processed ibm-java-x86_64-sdk-8.0-8.60.x86_64.rpm
2026-02-18 23:19:49.789 [pool-1-thread-1] INFO  vendors.ibm - Starting scraper
2026-02-18 23:19:49.791 [pool-1-thread-1] INFO  vendors.ibm - Fetching index
2026-02-18 23:19:50.129 [pool-1-thread-1] INFO  vendors.ibm - Found 3 JDK versions
2026-02-18 23:19:50.129 [pool-1-thread-1] INFO  vendors.ibm - Processing JDK version: 8.0.8.45
2026-02-18 23:19:50.169 [pool-1-thread-1] INFO  vendors.ibm - Processing architecture: s390
2026-02-18 23:19:50.218 [pool-1-thread-1] ERROR vendors.ibm - Failed to submit download for ibm-java-jre-8.0-8.45-linux-s390.tgz: Metadata is missing required fields or has invalid values for ibm - ibm-java-jre-8.0-8.45-linux-s390.tgz
2026-02-18 23:19:50.218 [pool-1-thread-1] ERROR vendors.ibm - Failed to submit download for ibm-java-sdk-8.0-8.45-linux-s390.tgz: Metadata is missing required fields or has invalid values for ibm - ibm-java-sdk-8.0-8.45-linux-s390.tgz
2026-02-18 23:19:50.218 [pool-1-thread-1] INFO  vendors.ibm - Processing JDK version: 8.0.8.55
2026-02-18 23:19:50.260 [pool-1-thread-1] INFO  vendors.ibm - Processing architecture: i386
2026-02-18 23:19:50.300 [pool-1-thread-1] INFO  vendors.ibm - Processing architecture: ppc64le
2026-02-18 23:19:50.340 [pool-1-thread-1] INFO  vendors.ibm - Processing architecture: s390x
2026-02-18 23:19:50.379 [pool-1-thread-1] INFO  vendors.ibm - Processing architecture: x86_64
2026-02-18 23:19:50.419 [pool-1-thread-1] INFO  vendors.ibm - Processing JDK version: 8.0.8.60
2026-02-18 23:19:50.460 [pool-1-thread-1] INFO  vendors.ibm - Processing architecture: i386
2026-02-18 23:19:50.503 [pool-1-thread-1] INFO  vendors.ibm - Processing architecture: ppc64le
2026-02-18 23:19:50.558 [pool-1-thread-1] INFO  vendors.ibm - Processing architecture: s390x
2026-02-18 23:19:50.598 [pool-1-thread-1] INFO  vendors.ibm - Processing architecture: x86_64
2026-02-18 23:19:50.638 [pool-1-thread-1] INFO  vendors.ibm - Completed successfully. Marked 0 items for processing, skipped 34 existing items, and had 2 failures.
