2026-02-17 14:33:28.061 [pool-2-thread-1] INFO  vendors.java-se-ri - Starting scraper
2026-02-17 14:33:28.068 [pool-2-thread-1] INFO  vendors.java-se-ri - Fetching index from https://jdk.java.net/java-se-ri/7
2026-02-17 14:33:28.682 [pool-2-thread-1] INFO  vendors.java-se-ri - Fetching index from https://jdk.java.net/java-se-ri/8-MR3
2026-02-17 14:33:28.746 [pool-2-thread-1] INFO  vendors.java-se-ri - Fetching index from https://jdk.java.net/java-se-ri/9
2026-02-17 14:33:28.807 [pool-2-thread-1] INFO  vendors.java-se-ri - Fetching index from https://jdk.java.net/java-se-ri/10
2026-02-17 14:33:28.870 [pool-2-thread-1] INFO  vendors.java-se-ri - Fetching index from https://jdk.java.net/java-se-ri/11
2026-02-17 14:33:28.985 [pool-2-thread-1] INFO  vendors.java-se-ri - Fetching index from https://jdk.java.net/java-se-ri/12
2026-02-17 14:33:29.115 [pool-2-thread-1] INFO  vendors.java-se-ri - Fetching index from https://jdk.java.net/java-se-ri/13
2026-02-17 14:33:29.193 [pool-2-thread-1] INFO  vendors.java-se-ri - Fetching index from https://jdk.java.net/java-se-ri/14
2026-02-17 14:33:29.296 [pool-2-thread-1] INFO  vendors.java-se-ri - Fetching index from https://jdk.java.net/java-se-ri/15
2026-02-17 14:33:29.355 [pool-2-thread-1] INFO  vendors.java-se-ri - Fetching index from https://jdk.java.net/java-se-ri/16
2026-02-17 14:33:29.419 [pool-2-thread-1] INFO  vendors.java-se-ri - Fetching index from https://jdk.java.net/java-se-ri/17
2026-02-17 14:33:29.477 [pool-2-thread-1] INFO  vendors.java-se-ri - Fetching index from https://jdk.java.net/java-se-ri/18
2026-02-17 14:33:29.574 [pool-2-thread-1] INFO  vendors.java-se-ri - Fetching index from https://jdk.java.net/java-se-ri/19
2026-02-17 14:33:29.636 [pool-2-thread-1] INFO  vendors.java-se-ri - Fetching index from https://jdk.java.net/java-se-ri/20
2026-02-17 14:33:29.715 [pool-2-thread-1] INFO  vendors.java-se-ri - Fetching index from https://jdk.java.net/java-se-ri/21
2026-02-17 14:33:29.777 [pool-2-thread-1] INFO  vendors.java-se-ri - Fetching index from https://jdk.java.net/java-se-ri/22
2026-02-17 14:33:29.834 [pool-2-thread-1] INFO  vendors.java-se-ri - Fetching index from https://jdk.java.net/java-se-ri/23
2026-02-17 14:33:29.896 [pool-2-thread-1] INFO  vendors.java-se-ri - Fetching index from https://jdk.java.net/java-se-ri/24
2026-02-17 14:33:29.957 [pool-2-thread-1] INFO  vendors.java-se-ri - Fetching index from https://jdk.java.net/java-se-ri/25
2026-02-17 14:33:30.078 [pool-2-thread-1] INFO  vendors.java-se-ri - Found 35 download URLs
2026-02-17 14:33:30.079 [pool-2-thread-1] INFO  vendors.java-se-ri - Completed successfully. Marked 0 items for processing, skipped 35 existing items, and had 0 failures.
