2026-02-17 14:33:28.785 [pool-2-thread-4] INFO  vendors.liberica-native - Starting scraper
2026-02-17 14:33:28.789 [pool-2-thread-4] INFO  vendors.liberica-native - Fetching assets from https://api.bell-sw.com/v1/nik/releases?bundle-type=full&components=liberica&components=nik
2026-02-17 14:33:30.801 [pool-2-thread-4] INFO  vendors.liberica-native - Found 917 assets
2026-02-17 14:33:30.802 [pool-2-thread-4] INFO  vendors.liberica-native - Queued download for bellsoft-liberica-vm-full-openjdk25.0.1+16-25.0.1+3-linux-amd64.deb
2026-02-17 14:33:30.803 [pool-2-thread-4] INFO  vendors.liberica-native - Queued download for bellsoft-liberica-vm-full-openjdk25.0.1+16-25.0.1+3-linux-amd64.rpm
2026-02-17 14:33:30.803 [pool-2-thread-4] INFO  vendors.liberica-native - Queued download for bellsoft-liberica-vm-full-openjdk25.0.1+16-25.0.1+3-linux-amd64.tar.gz
2026-02-17 14:33:30.803 [pool-2-thread-4] INFO  vendors.liberica-native - Queued download for bellsoft-liberica-vm-full-openjdk17.0.6+10-22.3.1+1-macos-aarch64.tar.gz
2026-02-17 14:33:30.804 [pool-2-thread-4] INFO  vendors.liberica-native - Queued download for bellsoft-liberica-vm-full-openjdk17.0.6+10-22.3.1+1-macos-aarch64.dmg
2026-02-17 14:33:30.804 [pool-2-thread-4] INFO  vendors.liberica-native - Queued download for bellsoft-liberica-vm-full-openjdk17.0.6+10-22.3.1+1-macos-aarch64.zip
2026-02-17 14:33:30.804 [pool-2-thread-4] INFO  vendors.liberica-native - Queued download for bellsoft-liberica-vm-full-openjdk17.0.6+10-22.3.1+1-macos-aarch64.pkg
2026-02-17 14:33:30.805 [pool-2-thread-4] INFO  vendors.liberica-native - Queued download for bellsoft-liberica-vm-full-openjdk11-21.3.1-windows-amd64.msi
2026-02-17 14:33:30.805 [pool-2-thread-4] INFO  vendors.liberica-native - Queued download for bellsoft-liberica-vm-full-openjdk11-21.3.1-windows-amd64.zip
2026-02-17 14:33:30.806 [pool-2-thread-4] INFO  vendors.liberica-native - Queued download for bellsoft-liberica-vm-full-openjdk21.0.9+12-23.1.9+1-macos-amd64.dmg
2026-02-17 14:33:30.806 [pool-2-thread-4] INFO  vendors.liberica-native - Reached progress limit of 10 items, aborting
2026-02-17 14:33:30.806 [pool-2-thread-4] INFO  vendors.liberica-native - Completed successfully. Marked 10 items for processing, skipped 0 existing items, and had 0 failures.
2026-02-17 14:33:38.747 [pool-1-thread-1] INFO  vendors.liberica-native - Downloading bellsoft-liberica-vm-full-openjdk25.0.1+16-25.0.1+3-linux-amd64.deb
2026-02-17 14:33:40.102 [pool-1-thread-4] INFO  vendors.liberica-native - Downloading bellsoft-liberica-vm-full-openjdk25.0.1+16-25.0.1+3-linux-amd64.rpm
2026-02-17 14:33:41.654 [pool-1-thread-3] INFO  vendors.liberica-native - Downloading bellsoft-liberica-vm-full-openjdk17.0.6+10-22.3.1+1-macos-aarch64.tar.gz
2026-02-17 14:33:45.180 [pool-1-thread-2] INFO  vendors.liberica-native - Downloading bellsoft-liberica-vm-full-openjdk17.0.6+10-22.3.1+1-macos-aarch64.dmg
2026-02-17 14:33:46.005 [pool-1-thread-1] INFO  vendors.liberica-native - Computing hashes for bellsoft-liberica-vm-full-openjdk25.0.1+16-25.0.1+3-linux-amd64.deb
2026-02-17 14:33:46.762 [pool-1-thread-4] INFO  vendors.liberica-native - Computing hashes for bellsoft-liberica-vm-full-openjdk25.0.1+16-25.0.1+3-linux-amd64.rpm
2026-02-17 14:33:47.675 [pool-1-thread-1] INFO  vendors.liberica-native - Processed bellsoft-liberica-vm-full-openjdk25.0.1+16-25.0.1+3-linux-amd64.deb
2026-02-17 14:33:47.715 [pool-1-thread-1] INFO  vendors.liberica-native - Downloading bellsoft-liberica-vm-full-openjdk17.0.6+10-22.3.1+1-macos-aarch64.zip
2026-02-17 14:33:48.532 [pool-1-thread-4] INFO  vendors.liberica-native - Processed bellsoft-liberica-vm-full-openjdk25.0.1+16-25.0.1+3-linux-amd64.rpm
2026-02-17 14:33:48.874 [pool-1-thread-4] INFO  vendors.liberica-native - Downloading bellsoft-liberica-vm-full-openjdk21.0.9+12-23.1.9+1-macos-amd64.dmg
2026-02-17 14:33:50.437 [pool-1-thread-1] INFO  vendors.liberica-native - Computing hashes for bellsoft-liberica-vm-full-openjdk17.0.6+10-22.3.1+1-macos-aarch64.zip
2026-02-17 14:33:52.106 [pool-1-thread-1] INFO  vendors.liberica-native - Processed bellsoft-liberica-vm-full-openjdk17.0.6+10-22.3.1+1-macos-aarch64.zip
2026-02-17 14:33:54.847 [pool-1-thread-4] INFO  vendors.liberica-native - Computing hashes for bellsoft-liberica-vm-full-openjdk21.0.9+12-23.1.9+1-macos-amd64.dmg
2026-02-17 14:33:56.479 [pool-1-thread-4] INFO  vendors.liberica-native - Processed bellsoft-liberica-vm-full-openjdk21.0.9+12-23.1.9+1-macos-amd64.dmg
2026-02-17 14:34:02.827 [pool-1-thread-3] INFO  vendors.liberica-native - Computing hashes for bellsoft-liberica-vm-full-openjdk17.0.6+10-22.3.1+1-macos-aarch64.tar.gz
2026-02-17 14:34:03.573 [pool-1-thread-2] INFO  vendors.liberica-native - Computing hashes for bellsoft-liberica-vm-full-openjdk17.0.6+10-22.3.1+1-macos-aarch64.dmg
2026-02-17 14:34:04.469 [pool-1-thread-3] INFO  vendors.liberica-native - Processed bellsoft-liberica-vm-full-openjdk17.0.6+10-22.3.1+1-macos-aarch64.tar.gz
2026-02-17 14:34:05.272 [pool-1-thread-2] INFO  vendors.liberica-native - Processed bellsoft-liberica-vm-full-openjdk17.0.6+10-22.3.1+1-macos-aarch64.dmg
2026-02-17 14:34:26.490 [pool-1-thread-2] INFO  vendors.liberica-native - Downloading bellsoft-liberica-vm-full-openjdk17.0.6+10-22.3.1+1-macos-aarch64.pkg
2026-02-17 14:34:27.321 [pool-1-thread-4] INFO  vendors.liberica-native - Downloading bellsoft-liberica-vm-full-openjdk11-21.3.1-windows-amd64.msi
2026-02-17 14:34:31.984 [pool-1-thread-3] INFO  vendors.liberica-native - Downloading bellsoft-liberica-vm-full-openjdk11-21.3.1-windows-amd64.zip
2026-02-17 14:34:46.834 [pool-1-thread-4] INFO  vendors.liberica-native - Computing hashes for bellsoft-liberica-vm-full-openjdk11-21.3.1-windows-amd64.msi
2026-02-17 14:34:47.053 [pool-1-thread-2] INFO  vendors.liberica-native - Computing hashes for bellsoft-liberica-vm-full-openjdk17.0.6+10-22.3.1+1-macos-aarch64.pkg
2026-02-17 14:34:48.397 [pool-1-thread-4] INFO  vendors.liberica-native - Processed bellsoft-liberica-vm-full-openjdk11-21.3.1-windows-amd64.msi
2026-02-17 14:34:48.619 [pool-1-thread-2] INFO  vendors.liberica-native - Processed bellsoft-liberica-vm-full-openjdk17.0.6+10-22.3.1+1-macos-aarch64.pkg
2026-02-17 14:34:52.073 [pool-1-thread-3] INFO  vendors.liberica-native - Computing hashes for bellsoft-liberica-vm-full-openjdk11-21.3.1-windows-amd64.zip
2026-02-17 14:34:53.668 [pool-1-thread-3] INFO  vendors.liberica-native - Processed bellsoft-liberica-vm-full-openjdk11-21.3.1-windows-amd64.zip
2026-02-17 14:36:23.916 [pool-1-thread-3] INFO  vendors.liberica-native - Downloading bellsoft-liberica-vm-full-openjdk25.0.1+16-25.0.1+3-linux-amd64.tar.gz
2026-02-17 14:36:32.084 [pool-1-thread-3] INFO  vendors.liberica-native - Computing hashes for bellsoft-liberica-vm-full-openjdk25.0.1+16-25.0.1+3-linux-amd64.tar.gz
2026-02-17 14:36:34.089 [pool-1-thread-3] INFO  vendors.liberica-native - Processed bellsoft-liberica-vm-full-openjdk25.0.1+16-25.0.1+3-linux-amd64.tar.gz
