2026-02-17 14:33:30.329 [pool-2-thread-3] INFO  vendors.semeru - Starting scraper
2026-02-17 14:33:30.332 [pool-2-thread-3] INFO  vendors.semeru - Fetching repositories from https://api.github.com/orgs/ibmruntimes/repos?type=public&per_page=100&page=1&q=semeru
2026-02-17 14:33:33.195 [pool-2-thread-3] INFO  vendors.semeru - Matched repository: semeru11-binaries
2026-02-17 14:33:33.196 [pool-2-thread-3] INFO  vendors.semeru - Matched repository: semeru8-binaries
2026-02-17 14:33:33.196 [pool-2-thread-3] INFO  vendors.semeru - Matched repository: semeru16-binaries
2026-02-17 14:33:33.197 [pool-2-thread-3] INFO  vendors.semeru - Matched repository: semeru17-binaries
2026-02-17 14:33:33.197 [pool-2-thread-3] INFO  vendors.semeru - Matched repository: semeru18-binaries
2026-02-17 14:33:33.197 [pool-2-thread-3] INFO  vendors.semeru - Matched repository: semeru19-binaries
2026-02-17 14:33:33.197 [pool-2-thread-3] INFO  vendors.semeru - Matched repository: semeru20-binaries
2026-02-17 14:33:33.198 [pool-2-thread-3] INFO  vendors.semeru - Matched repository: semeru21-binaries
2026-02-17 14:33:33.198 [pool-2-thread-3] INFO  vendors.semeru - Processing repository: semeru11-binaries
2026-02-17 14:33:33.198 [pool-2-thread-3] INFO  vendors.semeru - Fetching releases from https://api.github.com/repos/ibmruntimes/semeru11-binaries/releases?per_page=100&page=1
2026-02-17 14:33:39.890 [pool-2-thread-3] INFO  vendors.semeru - Queued download for ibm-semeru-open-jdk_aarch64_mac_11.0.30_7_openj9-0.57.0.pkg
2026-02-17 14:33:39.891 [pool-2-thread-3] INFO  vendors.semeru - Queued download for ibm-semeru-open-jdk_x64_mac_11.0.30_7_openj9-0.57.0.pkg
2026-02-17 14:33:39.891 [pool-2-thread-3] INFO  vendors.semeru - Queued download for ibm-semeru-open-jre_aarch64_mac_11.0.30_7_openj9-0.57.0.pkg
2026-02-17 14:33:39.891 [pool-2-thread-3] INFO  vendors.semeru - Queued download for ibm-semeru-open-jre_x64_mac_11.0.30_7_openj9-0.57.0.pkg
2026-02-17 14:33:39.892 [pool-2-thread-3] INFO  vendors.semeru - Queued download for ibm-semeru-open-jdk_aarch64_mac_11.0.29_7_openj9-0.56.0.pkg
2026-02-17 14:33:39.892 [pool-2-thread-3] INFO  vendors.semeru - Queued download for ibm-semeru-open-jdk_x64_mac_11.0.29_7_openj9-0.56.0.pkg
2026-02-17 14:33:39.893 [pool-2-thread-3] INFO  vendors.semeru - Queued download for ibm-semeru-open-jre_aarch64_mac_11.0.29_7_openj9-0.56.0.pkg
2026-02-17 14:33:39.893 [pool-2-thread-3] INFO  vendors.semeru - Queued download for ibm-semeru-open-jre_x64_mac_11.0.29_7_openj9-0.56.0.pkg
2026-02-17 14:33:39.894 [pool-2-thread-3] INFO  vendors.semeru - Queued download for ibm-semeru-open-jdk_aarch64_mac_11.0.28_6_openj9-0.53.0.pkg
2026-02-17 14:33:39.894 [pool-2-thread-3] INFO  vendors.semeru - Queued download for ibm-semeru-open-jdk_x64_mac_11.0.28_6_openj9-0.53.0.pkg
2026-02-17 14:33:39.894 [pool-2-thread-3] INFO  vendors.semeru - Reached progress limit of 10 items, aborting
2026-02-17 14:33:39.894 [pool-2-thread-3] INFO  vendors.semeru - Completed successfully. Marked 10 items for processing, skipped 72 existing items, and had 0 failures.
2026-02-17 14:34:11.500 [pool-1-thread-1] INFO  vendors.semeru - Downloading ibm-semeru-open-jre_aarch64_mac_11.0.29_7_openj9-0.56.0.pkg
2026-02-17 14:34:12.671 [pool-1-thread-1] INFO  vendors.semeru - Computing hashes for ibm-semeru-open-jre_aarch64_mac_11.0.29_7_openj9-0.56.0.pkg
2026-02-17 14:34:12.942 [pool-1-thread-1] INFO  vendors.semeru - Processed ibm-semeru-open-jre_aarch64_mac_11.0.29_7_openj9-0.56.0.pkg
2026-02-17 14:36:04.466 [pool-1-thread-2] INFO  vendors.semeru - Downloading ibm-semeru-open-jre_x64_mac_11.0.30_7_openj9-0.57.0.pkg
2026-02-17 14:36:05.519 [pool-1-thread-2] INFO  vendors.semeru - Computing hashes for ibm-semeru-open-jre_x64_mac_11.0.30_7_openj9-0.57.0.pkg
2026-02-17 14:36:05.836 [pool-1-thread-2] INFO  vendors.semeru - Processed ibm-semeru-open-jre_x64_mac_11.0.30_7_openj9-0.57.0.pkg
2026-02-17 14:36:07.305 [pool-1-thread-3] INFO  vendors.semeru - Downloading ibm-semeru-open-jdk_x64_mac_11.0.28_6_openj9-0.53.0.pkg
2026-02-17 14:36:11.060 [pool-1-thread-2] INFO  vendors.semeru - Downloading ibm-semeru-open-jdk_x64_mac_11.0.29_7_openj9-0.56.0.pkg
2026-02-17 14:36:11.755 [pool-1-thread-3] INFO  vendors.semeru - Computing hashes for ibm-semeru-open-jdk_x64_mac_11.0.28_6_openj9-0.53.0.pkg
2026-02-17 14:36:12.988 [pool-1-thread-3] INFO  vendors.semeru - Processed ibm-semeru-open-jdk_x64_mac_11.0.28_6_openj9-0.53.0.pkg
2026-02-17 14:36:13.015 [pool-1-thread-3] INFO  vendors.semeru - Downloading ibm-semeru-open-jdk_aarch64_mac_11.0.28_6_openj9-0.53.0.pkg
2026-02-17 14:36:15.341 [pool-1-thread-2] INFO  vendors.semeru - Computing hashes for ibm-semeru-open-jdk_x64_mac_11.0.29_7_openj9-0.56.0.pkg
2026-02-17 14:36:16.579 [pool-1-thread-2] INFO  vendors.semeru - Processed ibm-semeru-open-jdk_x64_mac_11.0.29_7_openj9-0.56.0.pkg
2026-02-17 14:36:17.132 [pool-1-thread-3] INFO  vendors.semeru - Computing hashes for ibm-semeru-open-jdk_aarch64_mac_11.0.28_6_openj9-0.53.0.pkg
2026-02-17 14:36:17.183 [pool-1-thread-4] INFO  vendors.semeru - Downloading ibm-semeru-open-jre_aarch64_mac_11.0.30_7_openj9-0.57.0.pkg
2026-02-17 14:36:18.084 [pool-1-thread-4] INFO  vendors.semeru - Computing hashes for ibm-semeru-open-jre_aarch64_mac_11.0.30_7_openj9-0.57.0.pkg
2026-02-17 14:36:18.325 [pool-1-thread-3] INFO  vendors.semeru - Processed ibm-semeru-open-jdk_aarch64_mac_11.0.28_6_openj9-0.53.0.pkg
2026-02-17 14:36:18.355 [pool-1-thread-3] INFO  vendors.semeru - Downloading ibm-semeru-open-jdk_x64_mac_11.0.30_7_openj9-0.57.0.pkg
2026-02-17 14:36:18.360 [pool-1-thread-4] INFO  vendors.semeru - Processed ibm-semeru-open-jre_aarch64_mac_11.0.30_7_openj9-0.57.0.pkg
2026-02-17 14:36:18.366 [pool-1-thread-4] INFO  vendors.semeru - Downloading ibm-semeru-open-jdk_aarch64_mac_11.0.29_7_openj9-0.56.0.pkg
2026-02-17 14:36:19.469 [pool-1-thread-2] INFO  vendors.semeru - Downloading ibm-semeru-open-jre_x64_mac_11.0.29_7_openj9-0.56.0.pkg
2026-02-17 14:36:20.792 [pool-1-thread-2] INFO  vendors.semeru - Computing hashes for ibm-semeru-open-jre_x64_mac_11.0.29_7_openj9-0.56.0.pkg
2026-02-17 14:36:21.076 [pool-1-thread-2] INFO  vendors.semeru - Processed ibm-semeru-open-jre_x64_mac_11.0.29_7_openj9-0.56.0.pkg
2026-02-17 14:36:22.371 [pool-1-thread-4] INFO  vendors.semeru - Computing hashes for ibm-semeru-open-jdk_aarch64_mac_11.0.29_7_openj9-0.56.0.pkg
2026-02-17 14:36:22.527 [pool-1-thread-3] INFO  vendors.semeru - Computing hashes for ibm-semeru-open-jdk_x64_mac_11.0.30_7_openj9-0.57.0.pkg
2026-02-17 14:36:23.469 [pool-1-thread-4] INFO  vendors.semeru - Processed ibm-semeru-open-jdk_aarch64_mac_11.0.29_7_openj9-0.56.0.pkg
2026-02-17 14:36:23.883 [pool-1-thread-3] INFO  vendors.semeru - Processed ibm-semeru-open-jdk_x64_mac_11.0.30_7_openj9-0.57.0.pkg
2026-02-17 14:36:26.780 [pool-1-thread-4] INFO  vendors.semeru - Downloading ibm-semeru-open-jdk_aarch64_mac_11.0.30_7_openj9-0.57.0.pkg
2026-02-17 14:36:30.000 [pool-1-thread-4] INFO  vendors.semeru - Computing hashes for ibm-semeru-open-jdk_aarch64_mac_11.0.30_7_openj9-0.57.0.pkg
2026-02-17 14:36:31.175 [pool-1-thread-4] INFO  vendors.semeru - Processed ibm-semeru-open-jdk_aarch64_mac_11.0.30_7_openj9-0.57.0.pkg
2026-02-17 15:51:09.433 [pool-2-thread-3] INFO  vendors.semeru - Starting scraper
2026-02-17 15:51:09.439 [pool-2-thread-3] INFO  vendors.semeru - Fetching repositories from https://api.github.com/orgs/ibmruntimes/repos?type=public&per_page=100&page=1&q=semeru
2026-02-17 15:51:11.686 [pool-2-thread-3] INFO  vendors.semeru - Matched repository: semeru11-binaries
2026-02-17 15:51:11.686 [pool-2-thread-3] INFO  vendors.semeru - Matched repository: semeru8-binaries
2026-02-17 15:51:11.686 [pool-2-thread-3] INFO  vendors.semeru - Matched repository: semeru16-binaries
2026-02-17 15:51:11.686 [pool-2-thread-3] INFO  vendors.semeru - Matched repository: semeru17-binaries
2026-02-17 15:51:11.686 [pool-2-thread-3] INFO  vendors.semeru - Matched repository: semeru18-binaries
2026-02-17 15:51:11.686 [pool-2-thread-3] INFO  vendors.semeru - Matched repository: semeru19-binaries
2026-02-17 15:51:11.686 [pool-2-thread-3] INFO  vendors.semeru - Matched repository: semeru20-binaries
2026-02-17 15:51:11.686 [pool-2-thread-3] INFO  vendors.semeru - Matched repository: semeru21-binaries
2026-02-17 15:51:11.686 [pool-2-thread-3] INFO  vendors.semeru - Processing repository: semeru11-binaries
2026-02-17 15:51:11.687 [pool-2-thread-3] INFO  vendors.semeru - Fetching releases from https://api.github.com/repos/ibmruntimes/semeru11-binaries/releases?per_page=100&page=1
2026-02-17 15:51:14.395 [pool-2-thread-3] INFO  vendors.semeru - Queued download for ibm-semeru-open-jre_aarch64_mac_11.0.28_6_openj9-0.53.0.pkg
2026-02-17 15:51:14.396 [pool-2-thread-3] INFO  vendors.semeru - Queued download for ibm-semeru-open-jre_x64_mac_11.0.28_6_openj9-0.53.0.pkg
2026-02-17 15:51:14.397 [pool-2-thread-3] INFO  vendors.semeru - Queued download for ibm-semeru-open-jdk_aarch64_mac_11.0.27_6_openj9-0.51.0.pkg
2026-02-17 15:51:14.397 [pool-2-thread-3] INFO  vendors.semeru - Queued download for ibm-semeru-open-jdk_x64_mac_11.0.27_6_openj9-0.51.0.pkg
2026-02-17 15:51:14.398 [pool-2-thread-3] INFO  vendors.semeru - Queued download for ibm-semeru-open-jre_aarch64_mac_11.0.27_6_openj9-0.51.0.pkg
2026-02-17 15:51:14.398 [pool-2-thread-3] INFO  vendors.semeru - Queued download for ibm-semeru-open-jre_x64_mac_11.0.27_6_openj9-0.51.0.pkg
2026-02-17 15:51:14.399 [pool-2-thread-3] INFO  vendors.semeru - Queued download for ibm-semeru-open-jdk_aarch64_mac_11.0.26_4_openj9-0.49.0.pkg
2026-02-17 15:51:14.399 [pool-2-thread-3] INFO  vendors.semeru - Queued download for ibm-semeru-open-jdk_x64_mac_11.0.26_4_openj9-0.49.0.pkg
2026-02-17 15:51:14.400 [pool-2-thread-3] INFO  vendors.semeru - Queued download for ibm-semeru-open-jre_aarch64_mac_11.0.26_4_openj9-0.49.0.pkg
2026-02-17 15:51:14.400 [pool-2-thread-3] INFO  vendors.semeru - Queued download for ibm-semeru-open-jre_x64_mac_11.0.26_4_openj9-0.49.0.pkg
2026-02-17 15:51:14.400 [pool-2-thread-3] INFO  vendors.semeru - Reached progress limit of 10 items, aborting
2026-02-17 15:51:14.400 [pool-2-thread-3] INFO  vendors.semeru - Completed successfully. Marked 10 items for processing, skipped 147 existing items, and had 0 failures.
2026-02-17 15:51:58.330 [pool-1-thread-3] INFO  vendors.semeru - Downloading ibm-semeru-open-jre_x64_mac_11.0.28_6_openj9-0.53.0.pkg
2026-02-17 15:51:59.416 [pool-1-thread-3] INFO  vendors.semeru - Computing hashes for ibm-semeru-open-jre_x64_mac_11.0.28_6_openj9-0.53.0.pkg
2026-02-17 15:51:59.502 [pool-1-thread-4] INFO  vendors.semeru - Downloading ibm-semeru-open-jdk_aarch64_mac_11.0.27_6_openj9-0.51.0.pkg
2026-02-17 15:51:59.694 [pool-1-thread-3] INFO  vendors.semeru - Processed ibm-semeru-open-jre_x64_mac_11.0.28_6_openj9-0.53.0.pkg
2026-02-17 15:51:59.707 [pool-1-thread-3] INFO  vendors.semeru - Downloading ibm-semeru-open-jdk_x64_mac_11.0.27_6_openj9-0.51.0.pkg
2026-02-17 15:52:00.653 [pool-1-thread-1] INFO  vendors.semeru - Downloading ibm-semeru-open-jre_aarch64_mac_11.0.27_6_openj9-0.51.0.pkg
2026-02-17 15:52:01.762 [pool-1-thread-1] INFO  vendors.semeru - Computing hashes for ibm-semeru-open-jre_aarch64_mac_11.0.27_6_openj9-0.51.0.pkg
2026-02-17 15:52:02.015 [pool-1-thread-1] INFO  vendors.semeru - Processed ibm-semeru-open-jre_aarch64_mac_11.0.27_6_openj9-0.51.0.pkg
2026-02-17 15:52:02.028 [pool-1-thread-1] INFO  vendors.semeru - Downloading ibm-semeru-open-jre_x64_mac_11.0.26_4_openj9-0.49.0.pkg
2026-02-17 15:52:03.089 [pool-1-thread-1] INFO  vendors.semeru - Computing hashes for ibm-semeru-open-jre_x64_mac_11.0.26_4_openj9-0.49.0.pkg
2026-02-17 15:52:03.361 [pool-1-thread-1] INFO  vendors.semeru - Processed ibm-semeru-open-jre_x64_mac_11.0.26_4_openj9-0.49.0.pkg
2026-02-17 15:52:03.673 [pool-1-thread-4] INFO  vendors.semeru - Computing hashes for ibm-semeru-open-jdk_aarch64_mac_11.0.27_6_openj9-0.51.0.pkg
2026-02-17 15:52:04.618 [pool-1-thread-3] INFO  vendors.semeru - Computing hashes for ibm-semeru-open-jdk_x64_mac_11.0.27_6_openj9-0.51.0.pkg
2026-02-17 15:52:04.928 [pool-1-thread-4] INFO  vendors.semeru - Processed ibm-semeru-open-jdk_aarch64_mac_11.0.27_6_openj9-0.51.0.pkg
2026-02-17 15:52:05.774 [pool-1-thread-3] INFO  vendors.semeru - Processed ibm-semeru-open-jdk_x64_mac_11.0.27_6_openj9-0.51.0.pkg
2026-02-17 15:52:31.266 [pool-1-thread-1] INFO  vendors.semeru - Downloading ibm-semeru-open-jre_x64_mac_11.0.27_6_openj9-0.51.0.pkg
2026-02-17 15:52:32.690 [pool-1-thread-1] INFO  vendors.semeru - Computing hashes for ibm-semeru-open-jre_x64_mac_11.0.27_6_openj9-0.51.0.pkg
2026-02-17 15:52:33.011 [pool-1-thread-1] INFO  vendors.semeru - Processed ibm-semeru-open-jre_x64_mac_11.0.27_6_openj9-0.51.0.pkg
2026-02-17 15:52:33.022 [pool-1-thread-1] INFO  vendors.semeru - Downloading ibm-semeru-open-jdk_aarch64_mac_11.0.26_4_openj9-0.49.0.pkg
2026-02-17 15:52:36.717 [pool-1-thread-1] INFO  vendors.semeru - Computing hashes for ibm-semeru-open-jdk_aarch64_mac_11.0.26_4_openj9-0.49.0.pkg
2026-02-17 15:52:36.910 [pool-1-thread-2] INFO  vendors.semeru - Downloading ibm-semeru-open-jdk_x64_mac_11.0.26_4_openj9-0.49.0.pkg
2026-02-17 15:52:37.851 [pool-1-thread-1] INFO  vendors.semeru - Processed ibm-semeru-open-jdk_aarch64_mac_11.0.26_4_openj9-0.49.0.pkg
2026-02-17 15:52:41.126 [pool-1-thread-2] INFO  vendors.semeru - Computing hashes for ibm-semeru-open-jdk_x64_mac_11.0.26_4_openj9-0.49.0.pkg
2026-02-17 15:52:42.236 [pool-1-thread-2] INFO  vendors.semeru - Processed ibm-semeru-open-jdk_x64_mac_11.0.26_4_openj9-0.49.0.pkg
2026-02-17 15:52:56.762 [pool-1-thread-1] INFO  vendors.semeru - Downloading ibm-semeru-open-jre_aarch64_mac_11.0.26_4_openj9-0.49.0.pkg
2026-02-17 15:52:57.762 [pool-1-thread-1] INFO  vendors.semeru - Computing hashes for ibm-semeru-open-jre_aarch64_mac_11.0.26_4_openj9-0.49.0.pkg
2026-02-17 15:52:58.048 [pool-1-thread-1] INFO  vendors.semeru - Processed ibm-semeru-open-jre_aarch64_mac_11.0.26_4_openj9-0.49.0.pkg
2026-02-17 15:53:35.576 [pool-1-thread-2] INFO  vendors.semeru - Downloading ibm-semeru-open-jre_aarch64_mac_11.0.28_6_openj9-0.53.0.pkg
2026-02-17 15:53:36.807 [pool-1-thread-2] INFO  vendors.semeru - Computing hashes for ibm-semeru-open-jre_aarch64_mac_11.0.28_6_openj9-0.53.0.pkg
2026-02-17 15:53:37.079 [pool-1-thread-2] INFO  vendors.semeru - Processed ibm-semeru-open-jre_aarch64_mac_11.0.28_6_openj9-0.53.0.pkg
2026-02-18 23:19:42.843 [pool-1-thread-3] INFO  vendors.semeru - Starting scraper
2026-02-18 23:19:42.847 [pool-1-thread-3] INFO  vendors.semeru - Fetching repositories from https://api.github.com/orgs/ibmruntimes/repos?type=public&per_page=100&page=1&q=semeru
2026-02-18 23:19:44.202 [pool-1-thread-3] INFO  vendors.semeru - Matched repository: semeru11-binaries
2026-02-18 23:19:44.202 [pool-1-thread-3] INFO  vendors.semeru - Matched repository: semeru8-binaries
2026-02-18 23:19:44.203 [pool-1-thread-3] INFO  vendors.semeru - Matched repository: semeru16-binaries
2026-02-18 23:19:44.204 [pool-1-thread-3] INFO  vendors.semeru - Matched repository: semeru17-binaries
2026-02-18 23:19:44.204 [pool-1-thread-3] INFO  vendors.semeru - Matched repository: semeru18-binaries
2026-02-18 23:19:44.204 [pool-1-thread-3] INFO  vendors.semeru - Matched repository: semeru19-binaries
2026-02-18 23:19:44.204 [pool-1-thread-3] INFO  vendors.semeru - Matched repository: semeru20-binaries
2026-02-18 23:19:44.205 [pool-1-thread-3] INFO  vendors.semeru - Matched repository: semeru21-binaries
2026-02-18 23:19:44.205 [pool-1-thread-3] INFO  vendors.semeru - Processing repository: semeru11-binaries
2026-02-18 23:19:44.205 [pool-1-thread-3] INFO  vendors.semeru - Fetching releases from https://api.github.com/repos/ibmruntimes/semeru11-binaries/releases?per_page=100&page=1
2026-02-18 23:19:48.317 [pool-1-thread-3] INFO  vendors.semeru - Reached progress limit of 10 items, aborting
2026-02-18 23:19:48.318 [pool-1-thread-3] INFO  vendors.semeru - Completed successfully. Marked 10 items for processing, skipped 72 existing items, and had 0 failures.
2026-02-18 23:19:51.534 [pool-1-thread-1] INFO  vendors.semeru - Starting scraper
2026-02-18 23:19:51.535 [pool-1-thread-1] INFO  vendors.semeru - Fetching repositories from https://api.github.com/orgs/ibmruntimes/repos?type=public&per_page=100&page=1&q=semeru+certified
2026-02-18 23:19:53.031 [pool-1-thread-1] INFO  vendors.semeru - Matched repository: semeru11-certified-binaries
2026-02-18 23:19:53.031 [pool-1-thread-1] INFO  vendors.semeru - Matched repository: semeru17-certified-binaries
2026-02-18 23:19:53.031 [pool-1-thread-1] INFO  vendors.semeru - Matched repository: semeru21-certified-binaries
2026-02-18 23:19:53.031 [pool-1-thread-1] INFO  vendors.semeru - Processing repository: semeru11-certified-binaries
2026-02-18 23:19:53.031 [pool-1-thread-1] INFO  vendors.semeru - Fetching releases from https://api.github.com/repos/ibmruntimes/semeru11-certified-binaries/releases?per_page=100&page=1
2026-02-18 23:19:54.201 [pool-1-thread-1] INFO  vendors.semeru - Fetching releases from https://api.github.com/repos/ibmruntimes/semeru11-certified-binaries/releases?per_page=100&page=2
2026-02-18 23:19:54.349 [pool-1-thread-1] INFO  vendors.semeru - Processing repository: semeru17-certified-binaries
2026-02-18 23:19:54.349 [pool-1-thread-1] INFO  vendors.semeru - Fetching releases from https://api.github.com/repos/ibmruntimes/semeru17-certified-binaries/releases?per_page=100&page=1
2026-02-18 23:19:55.731 [pool-1-thread-1] INFO  vendors.semeru - Fetching releases from https://api.github.com/repos/ibmruntimes/semeru17-certified-binaries/releases?per_page=100&page=2
2026-02-18 23:19:55.887 [pool-1-thread-1] INFO  vendors.semeru - Processing repository: semeru21-certified-binaries
2026-02-18 23:19:55.887 [pool-1-thread-1] INFO  vendors.semeru - Fetching releases from https://api.github.com/repos/ibmruntimes/semeru21-certified-binaries/releases?per_page=100&page=1
2026-02-18 23:19:56.630 [pool-1-thread-1] INFO  vendors.semeru - Fetching releases from https://api.github.com/repos/ibmruntimes/semeru21-certified-binaries/releases?per_page=100&page=2
2026-02-18 23:19:56.836 [pool-1-thread-1] INFO  vendors.semeru - Fetching repositories from https://api.github.com/orgs/ibmruntimes/repos?type=public&per_page=100&page=2&q=semeru+certified
2026-02-18 23:19:57.253 [pool-1-thread-1] INFO  vendors.semeru - Matched repository: semeru25-certified-binaries
2026-02-18 23:19:57.253 [pool-1-thread-1] INFO  vendors.semeru - Matched repository: semeru26-certified-binaries
2026-02-18 23:19:57.253 [pool-1-thread-1] INFO  vendors.semeru - Processing repository: semeru25-certified-binaries
2026-02-18 23:19:57.253 [pool-1-thread-1] INFO  vendors.semeru - Fetching releases from https://api.github.com/repos/ibmruntimes/semeru25-certified-binaries/releases?per_page=100&page=1
2026-02-18 23:19:57.732 [pool-1-thread-1] INFO  vendors.semeru - Fetching releases from https://api.github.com/repos/ibmruntimes/semeru25-certified-binaries/releases?per_page=100&page=2
2026-02-18 23:19:57.890 [pool-1-thread-1] INFO  vendors.semeru - Processing repository: semeru26-certified-binaries
2026-02-18 23:19:57.890 [pool-1-thread-1] INFO  vendors.semeru - Fetching releases from https://api.github.com/repos/ibmruntimes/semeru26-certified-binaries/releases?per_page=100&page=1
2026-02-18 23:19:58.073 [pool-1-thread-1] INFO  vendors.semeru - Fetching repositories from https://api.github.com/orgs/ibmruntimes/repos?type=public&per_page=100&page=3&q=semeru+certified
2026-02-18 23:19:58.207 [pool-1-thread-1] INFO  vendors.semeru - Completed successfully. Marked 0 items for processing, skipped 1388 existing items, and had 0 failures.
2026-02-18 23:32:07.270 [pool-1-thread-4] INFO  vendors.semeru - Starting scraper
2026-02-18 23:32:07.275 [pool-1-thread-4] INFO  vendors.semeru - Fetching repositories from https://api.github.com/orgs/ibmruntimes/repos?type=public&per_page=100&page=1&q=semeru
2026-02-18 23:32:09.407 [pool-1-thread-4] INFO  vendors.semeru - Matched repository: semeru11-binaries
2026-02-18 23:32:09.407 [pool-1-thread-4] INFO  vendors.semeru - Matched repository: semeru8-binaries
2026-02-18 23:32:09.407 [pool-1-thread-4] INFO  vendors.semeru - Matched repository: semeru16-binaries
2026-02-18 23:32:09.407 [pool-1-thread-4] INFO  vendors.semeru - Matched repository: semeru17-binaries
2026-02-18 23:32:09.407 [pool-1-thread-4] INFO  vendors.semeru - Matched repository: semeru18-binaries
2026-02-18 23:32:09.407 [pool-1-thread-4] INFO  vendors.semeru - Matched repository: semeru19-binaries
2026-02-18 23:32:09.407 [pool-1-thread-4] INFO  vendors.semeru - Matched repository: semeru20-binaries
2026-02-18 23:32:09.407 [pool-1-thread-4] INFO  vendors.semeru - Matched repository: semeru21-binaries
2026-02-18 23:32:09.407 [pool-1-thread-4] INFO  vendors.semeru - Processing repository: semeru11-binaries
2026-02-18 23:32:09.407 [pool-1-thread-4] INFO  vendors.semeru - Fetching releases from https://api.github.com/repos/ibmruntimes/semeru11-binaries/releases?per_page=100&page=1
2026-02-18 23:32:11.701 [pool-1-thread-4] INFO  vendors.semeru - Reached progress limit of 10 items, aborting
2026-02-18 23:32:11.701 [pool-1-thread-4] INFO  vendors.semeru - Completed successfully. Marked 10 items for processing, skipped 72 existing items, and had 0 failures.
2026-02-18 23:32:13.594 [pool-1-thread-1] INFO  vendors.semeru - Starting scraper
2026-02-18 23:32:13.595 [pool-1-thread-1] INFO  vendors.semeru - Fetching repositories from https://api.github.com/orgs/ibmruntimes/repos?type=public&per_page=100&page=1&q=semeru+certified
2026-02-18 23:32:14.762 [pool-1-thread-1] INFO  vendors.semeru - Matched repository: semeru11-certified-binaries
2026-02-18 23:32:14.762 [pool-1-thread-1] INFO  vendors.semeru - Matched repository: semeru17-certified-binaries
2026-02-18 23:32:14.762 [pool-1-thread-1] INFO  vendors.semeru - Matched repository: semeru21-certified-binaries
2026-02-18 23:32:14.762 [pool-1-thread-1] INFO  vendors.semeru - Processing repository: semeru11-certified-binaries
2026-02-18 23:32:14.762 [pool-1-thread-1] INFO  vendors.semeru - Fetching releases from https://api.github.com/repos/ibmruntimes/semeru11-certified-binaries/releases?per_page=100&page=1
2026-02-18 23:32:15.703 [pool-1-thread-1] INFO  vendors.semeru - Fetching releases from https://api.github.com/repos/ibmruntimes/semeru11-certified-binaries/releases?per_page=100&page=2
2026-02-18 23:32:15.858 [pool-1-thread-1] INFO  vendors.semeru - Processing repository: semeru17-certified-binaries
2026-02-18 23:32:15.858 [pool-1-thread-1] INFO  vendors.semeru - Fetching releases from https://api.github.com/repos/ibmruntimes/semeru17-certified-binaries/releases?per_page=100&page=1
2026-02-18 23:32:16.671 [pool-1-thread-1] INFO  vendors.semeru - Fetching releases from https://api.github.com/repos/ibmruntimes/semeru17-certified-binaries/releases?per_page=100&page=2
2026-02-18 23:32:16.818 [pool-1-thread-1] INFO  vendors.semeru - Processing repository: semeru21-certified-binaries
2026-02-18 23:32:16.818 [pool-1-thread-1] INFO  vendors.semeru - Fetching releases from https://api.github.com/repos/ibmruntimes/semeru21-certified-binaries/releases?per_page=100&page=1
2026-02-18 23:32:17.469 [pool-1-thread-1] INFO  vendors.semeru - Fetching releases from https://api.github.com/repos/ibmruntimes/semeru21-certified-binaries/releases?per_page=100&page=2
2026-02-18 23:32:17.625 [pool-1-thread-1] INFO  vendors.semeru - Fetching repositories from https://api.github.com/orgs/ibmruntimes/repos?type=public&per_page=100&page=2&q=semeru+certified
2026-02-18 23:32:18.100 [pool-1-thread-1] INFO  vendors.semeru - Matched repository: semeru25-certified-binaries
2026-02-18 23:32:18.100 [pool-1-thread-1] INFO  vendors.semeru - Matched repository: semeru26-certified-binaries
2026-02-18 23:32:18.100 [pool-1-thread-1] INFO  vendors.semeru - Processing repository: semeru25-certified-binaries
2026-02-18 23:32:18.100 [pool-1-thread-1] INFO  vendors.semeru - Fetching releases from https://api.github.com/repos/ibmruntimes/semeru25-certified-binaries/releases?per_page=100&page=1
2026-02-18 23:32:18.481 [pool-1-thread-1] INFO  vendors.semeru - Fetching releases from https://api.github.com/repos/ibmruntimes/semeru25-certified-binaries/releases?per_page=100&page=2
2026-02-18 23:32:18.647 [pool-1-thread-1] INFO  vendors.semeru - Processing repository: semeru26-certified-binaries
2026-02-18 23:32:18.647 [pool-1-thread-1] INFO  vendors.semeru - Fetching releases from https://api.github.com/repos/ibmruntimes/semeru26-certified-binaries/releases?per_page=100&page=1
2026-02-18 23:32:18.786 [pool-1-thread-1] INFO  vendors.semeru - Fetching repositories from https://api.github.com/orgs/ibmruntimes/repos?type=public&per_page=100&page=3&q=semeru+certified
2026-02-18 23:32:18.871 [pool-1-thread-1] INFO  vendors.semeru - Completed successfully. Marked 0 items for processing, skipped 1388 existing items, and had 0 failures.
